2026-05-03 04:31:42 ============================================================
2026-05-03 04:31:42 S1 chain 시작 — phases: KR(running) → EN → MT
2026-05-03 04:31:42 S1A_PID=1012445  S1B_PID=1012505
2026-05-03 04:31:42 ============================================================
2026-05-03 04:31:42 
2026-05-03 04:31:42 [Phase 1] KR singleton 부분 재실험 종료 대기
2026-05-03 04:31:42   S1_A KR PID=1012445 종료 대기...
2026-05-03 04:39:12   S1_A KR PID=1012445 종료 확인
2026-05-03 04:39:12   S1_B KR PID=1012505 종료 대기...
2026-05-03 04:49:12   S1_B KR PID=1012505 종료 확인
2026-05-03 04:49:12 Phase 1 완료. EN phase trigger.
2026-05-03 04:49:12 
2026-05-03 04:49:12 [Phase 2] EN singleton 부분 재실험 시작
2026-05-03 04:49:12   S1_A EN PID=1054209
2026-05-03 04:49:12   S1_B EN PID=1054211
2026-05-03 04:49:12   S1_A EN PID=1054209 종료 대기...
2026-05-03 05:08:42   S1_A EN PID=1054209 종료 확인
2026-05-03 05:08:42   S1_B EN PID=1054211 종료 대기...
2026-05-03 05:13:42   S1_B EN PID=1054211 종료 확인
2026-05-03 05:13:42 Phase 2 완료. MT phase trigger.
2026-05-03 05:13:42 
2026-05-03 05:13:42 [Phase 3] 멀티턴 KR 재실험 시작 (50 시나리오 전체)
2026-05-03 05:13:42   S1_A MT PID=1088796
2026-05-03 05:13:42   S1_B MT PID=1088798
2026-05-03 05:13:42   S1_A MT PID=1088796 종료 대기...
2026-05-03 05:22:42   S1_A MT PID=1088796 종료 확인
2026-05-03 05:22:42   S1_B MT PID=1088798 종료 대기...
2026-05-03 05:22:42   S1_B MT PID=1088798 종료 확인
2026-05-03 05:22:42 Phase 3 완료. 모든 S1 재실험 종료.
2026-05-03 05:22:42 ============================================================
2026-05-03 05:22:42 S1 chain 완료
2026-05-03 05:22:42 ============================================================
